Application archives:
  - /home/expo/workingdir/build/apps/mobile/android/app/build/outputs/apk/release/app-release.apk (166 MB)
Uploading application archive...
Upload to upload session failed
Unexpected response from server (400): {"errors":[{"code":"VALIDATION_ERROR","type":"USER","message":"Turtle build is not in progress, it cannot save artifacts.","isTransient":false,"requestId":"0ca4f9fa-5524-483c-9bcf-071a3161c46b"}]}

Failed to upload application archive: Unexpected response from server (400): {"errors":[{"code":"VALIDATION_ERROR","type":"USER","message":"Turtle build is not in progress, it cannot save artifacts.","isTransient":false,"requestId":"0ca4f9fa-5524-483c-9bcf-071a3161c46b"}]}
Error: Unexpected response from server (400): {"errors":[{"code":"VALIDATION_ERROR","type":"USER","message":"Turtle build is not in progress, it cannot save artifacts.","isTransient":false,"requestId":"0ca4f9fa-5524-483c-9bcf-071a3161c46b"}]}
    at createUploadSessionAsync (/usr/local/eas-build-worker/packages/worker/dist/upload.js:277:15)
    at process.processTicksAndRejections (node:internal/process/task_queues:95:5)
    at async uploadApplicationArchiveAsync (/usr/local/eas-build-worker/packages/worker/dist/upload.js:60:55)
    at async uploadWithAnalyticsAsync (/usr/local/eas-build-worker/packages/worker/dist/upload.js:193:27)
    at async BuildContext.uploadArtifact [as _uploadArtifact] (/usr/local/eas-build-worker/packages/worker/dist/context.js:31:24)
    at async BuildContext.uploadArtifact (/usr/local/eas-build-worker/packages/build-tools/dist/context.js:150:24)
    at async uploadApplicationArchive (/usr/local/eas-build-worker/packages/build-tools/dist/utils/artifacts.js:162:5)
    at async /usr/local/eas-build-worker/packages/build-tools/dist/builders/android.js:174:9
    at async BuildContext.runBuildPhase (/usr/local/eas-build-worker/packages/build-tools/dist/context.js:126:28)
    at async buildAsync (/usr/local/eas-build-worker/packages/build-tools/dist/builders/android.js:173:5)


Build failed

Failed to upload application archive: Unexpected response from server (400): {"errors":[{"code":"VALIDATION_ERROR","type":"USER","message":"Turtle build is not in progress, it cannot save artifacts.","isTransient":false,"requestId":"0ca4f9fa-5524-483c-9bcf-071a3161c46b"}]}
Error: Unexpected response from server (400): {"errors":[{"code":"VALIDATION_ERROR","type":"USER","message":"Turtle build is not in progress, it cannot save artifacts.","isTransient":false,"requestId":"0ca4f9fa-5524-483c-9bcf-071a3161c46b"}]}
    at createUploadSessionAsync (/usr/local/eas-build-worker/packages/worker/dist/upload.js:277:15)
    at process.processTicksAndRejections (node:internal/process/task_queues:95:5)
    at async uploadApplicationArchiveAsync (/usr/local/eas-build-worker/packages/worker/dist/upload.js:60:55)
    at async uploadWithAnalyticsAsync (/usr/local/eas-build-worker/packages/worker/dist/upload.js:193:27)
    at async BuildContext.uploadArtifact [as _uploadArtifact] (/usr/local/eas-build-worker/packages/worker/dist/context.js:31:24)
    at async BuildContext.uploadArtifact (/usr/local/eas-build-worker/packages/build-tools/dist/context.js:150:24)
    at async uploadApplicationArchive (/usr/local/eas-build-worker/packages/build-tools/dist/utils/artifacts.js:162:5)
    at async /usr/local/eas-build-worker/packages/build-tools/dist/builders/android.js:174:9
    at async BuildContext.runBuildPhase (/usr/local/eas-build-worker/packages/build-tools/dist/context.js:126:28)
    at async buildAsync (/usr/local/eas-build-worker/packages/build-tools/dist/builders/android.js:173:5)


