C:\Users\ABDULLAH RIZWAN\OneDrive\Desktop\FYP Project\Agentic_AI_Triage\apps\api\.venv\Lib\site-packages\authlib\_joserfc_helpers.py:8: AuthlibDeprecationWarning: authlib.jose module is deprecated, please use joserfc instead.
It will be compatible before version 2.0.0.
  from authlib.jose import ECKey
C:\Users\ABDULLAH RIZWAN\OneDrive\Desktop\FYP Project\Agentic_AI_Triage\apps\api\.venv\Lib\site-packages\google\adk\features\_feature_decorator.py:72: UserWarning: [EXPERIMENTAL] feature FeatureName.PLUGGABLE_AUTH is enabled.
  check_feature_enabled()
Traceback (most recent call last):
  File "<frozen runpy>", line 198, in _run_module_as_main
  File "<frozen runpy>", line 88, in _run_code
  File "C:\Users\ABDULLAH RIZWAN\OneDrive\Desktop\FYP Project\Agentic_AI_Triage\apps\api\.venv\Lib\site-packages\celery\__main__.py", line 19, in <module>
    main()
  File "C:\Users\ABDULLAH RIZWAN\OneDrive\Desktop\FYP Project\Agentic_AI_Triage\apps\api\.venv\Lib\site-packages\celery\__main__.py", line 15, in main
    sys.exit(_main())
             ^^^^^^^
  File "C:\Users\ABDULLAH RIZWAN\OneDrive\Desktop\FYP Project\Agentic_AI_Triage\apps\api\.venv\Lib\site-packages\celery\bin\celery.py", line 236, in main
    return celery(auto_envvar_prefix="CELERY")
           ^^^^^^^^^^^^^^^^^^^^^^^^^^^^^^^^^^^
  File "C:\Users\ABDULLAH RIZWAN\OneDrive\Desktop\FYP Project\Agentic_AI_Triage\apps\api\.venv\Lib\site-packages\click\core.py", line 1514, in __call__
    return self.main(*args, **kwargs)
           ^^^^^^^^^^^^^^^^^^^^^^^^^^
  File "C:\Users\ABDULLAH RIZWAN\OneDrive\Desktop\FYP Project\Agentic_AI_Triage\apps\api\.venv\Lib\site-packages\click\core.py", line 1435, in main
    rv = self.invoke(ctx)
         ^^^^^^^^^^^^^^^^
  File "C:\Users\ABDULLAH RIZWAN\OneDrive\Desktop\FYP Project\Agentic_AI_Triage\apps\api\.venv\Lib\site-packages\click\core.py", line 1902, in invoke
    return _process_result(sub_ctx.command.invoke(sub_ctx))
                           ^^^^^^^^^^^^^^^^^^^^^^^^^^^^^^^
  File "C:\Users\ABDULLAH RIZWAN\OneDrive\Desktop\FYP Project\Agentic_AI_Triage\apps\api\.venv\Lib\site-packages\click\core.py", line 1298, in invoke
    return ctx.invoke(self.callback, **ctx.params)
           ^^^^^^^^^^^^^^^^^^^^^^^^^^^^^^^^^^^^^^^
  File "C:\Users\ABDULLAH RIZWAN\OneDrive\Desktop\FYP Project\Agentic_AI_Triage\apps\api\.venv\Lib\site-packages\click\core.py", line 853, in invoke
    return callback(*args, **kwargs)
           ^^^^^^^^^^^^^^^^^^^^^^^^^
  File "C:\Users\ABDULLAH RIZWAN\OneDrive\Desktop\FYP Project\Agentic_AI_Triage\apps\api\.venv\Lib\site-packages\click\decorators.py", line 34, in new_func
    return f(get_current_context(), *args, **kwargs)
           ^^^^^^^^^^^^^^^^^^^^^^^^^^^^^^^^^^^^^^^^^
  File "C:\Users\ABDULLAH RIZWAN\OneDrive\Desktop\FYP Project\Agentic_AI_Triage\apps\api\.venv\Lib\site-packages\celery\bin\base.py", line 135, in caller
    return f(ctx, *args, **kwargs)
           ^^^^^^^^^^^^^^^^^^^^^^^
  File "C:\Users\ABDULLAH RIZWAN\OneDrive\Desktop\FYP Project\Agentic_AI_Triage\apps\api\.venv\Lib\site-packages\celery\bin\worker.py", line 348, in worker
    worker = app.Worker(
             ^^^^^^^^^^^
  File "C:\Users\ABDULLAH RIZWAN\OneDrive\Desktop\FYP Project\Agentic_AI_Triage\apps\api\.venv\Lib\site-packages\celery\worker\worker.py", line 96, in __init__
    self.on_after_init(**kwargs)
  File "C:\Users\ABDULLAH RIZWAN\OneDrive\Desktop\FYP Project\Agentic_AI_Triage\apps\api\.venv\Lib\site-packages\celery\apps\worker.py", line 109, in on_after_init
    self._isatty = sys.stdout.isatty()
                   ^^^^^^^^^^^^^^^^^
AttributeError: 'NoneType' object has no attribute 'isatty'
